
> shyamsundar-portfolio@1.0.0 build
> vite build

[36mvite v5.4.21 [32mbuilding for production...[36m[39m
transforming...
[32mΓ£ô[39m 1019 modules transformed.
npm : [31mx[39m Build failed in 5.37s
At line:1 char:1
+ npm run build > build_output.txt 2>&1
+ ~~~~~~~~~~~~~~~~~~~~~~~~~~~~~~~~~~~~~
    + CategoryInfo          : NotSpecified: ([31mx[39m Build failed in 5.37s:String) [], RemoteException
    + FullyQualifiedErrorId : NativeCommandError
 
[31merror during build:
[31m[vite]: Rollup failed to resolve import "react-hook-form" from 
"D:/data_science/portfolio/portfolio/components/ContactForm.tsx".
This is most likely unintended because it can break your application at runtime.
If you do want to externalize this module explicitly add it to
`build.rollupOptions.external`[31m
    at viteWarn 
(file:///D:/data_science/portfolio/portfolio/node_modules/vite/dist/node/chunks/dep-BK3b2jBa.js:65855:17)
    at onwarn (file:///D:/data_science/portfolio/portfolio/node_modules/@vitejs/plugin-react/dist/index.js:90:7)
    at onRollupWarning 
(file:///D:/data_science/portfolio/portfolio/node_modules/vite/dist/node/chunks/dep-BK3b2jBa.js:65885:5)
    at onwarn (file:///D:/data_science/portfolio/portfolio/node_modules/vite/dist/node/chunks/dep-BK3b2jBa.js:65550:7)
    at file:///D:/data_science/portfolio/portfolio/node_modules/rollup/dist/es/shared/node-entry.js:21095:13
    at Object.logger [as onLog] 
(file:///D:/data_science/portfolio/portfolio/node_modules/rollup/dist/es/shared/node-entry.js:22968:9)
    at ModuleLoader.handleInvalidResolvedId 
(file:///D:/data_science/portfolio/portfolio/node_modules/rollup/dist/es/shared/node-entry.js:21712:26)
    at file:///D:/data_science/portfolio/portfolio/node_modules/rollup/dist/es/shared/node-entry.js:21670:26[39m
